// Jest Snapshot v1, https://goo.gl/fbAQLP

exports[`ResetPasswordFormContainer Form matches snapshot 1`] = `
<Connect(Form(ResetPasswordForm))
  destroyOnUnmount={true}
  enableReinitialize={false}
  forceUnregisterOnUnmount={false}
  form="PASSWORD_RESET"
  getFormState={[Function]}
  keepDirtyOnReinitialize={false}
  persistentSubmitErrors={false}
  pure={true}
  shouldAsyncValidate={[Function]}
  shouldError={[Function]}
  shouldValidate={[Function]}
  shouldWarn={[Function]}
  touchOnBlur={true}
  touchOnChange={false}
/>
`;

exports[`ResetPasswordFormContainer connected component matches snapshot 1`] = `<Connect(ReduxForm) />`;
