// Jest Snapshot v1, https://goo.gl/fbAQLP

exports[`LoginModal matches snapshot 1`] = `
<Modal
  closeOnDimmerClick={true}
  closeOnDocumentClick={true}
  dimmer={false}
  onClose={[Function]}
  size="mini"
>
  <ModalHeader
    as="h2"
  >
    Login
  </ModalHeader>
  <ModalContent>
    <Connect(ReduxForm)
      close={[Function]}
    />
  </ModalContent>
  <ModalActions>
    <Button
      as="button"
      onClick={[Function]}
    >
      Close
    </Button>
  </ModalActions>
</Modal>
`;
