// Jest Snapshot v1, https://goo.gl/fbAQLP

exports[`RegistrationForm matches component snapshot 1`] = `
<AuthenticationModal
  close={[Function]}
  onSubmit={[Function]}
  show={true}
  title="Create an account"
>
  <Connect(ReduxForm)
    close={[Function]}
    onSubmit={[Function]}
    show={true}
  />
  <AuthenticationLinks
    exclude={
      Array [
        "REGISTRATION",
      ]
    }
  />
</AuthenticationModal>
`;
