// Jest Snapshot v1, https://goo.gl/fbAQLP

exports[`RegistrationForm matches component snapshot 1`] = `
<div
  className="registration-form"
>
  <Form
    as="form"
    onSubmit={[Function]}
    size="large"
  >
    <Field
      component={[Function]}
      fluid={true}
      icon="user"
      iconPosition="left"
      name="name"
      placeholder="Display Name"
      validate={
        Array [
          [Function],
        ]
      }
    />
    <Field
      component={[Function]}
      fluid={true}
      icon="mail"
      iconPosition="left"
      name="email"
      placeholder="Email"
      validate={
        Array [
          [Function],
          [Function],
        ]
      }
    />
    <Field
      component={[Function]}
      fluid={true}
      icon="lock"
      iconPosition="left"
      name="password"
      placeholder="Password"
      type="password"
      validate={
        Array [
          [Function],
          [Function],
        ]
      }
    />
    <Field
      component={[Function]}
      fluid={true}
      icon="lock"
      iconPosition="left"
      name="passwordConfirmation"
      placeholder="Password Confirmation"
      type="password"
      validate={
        Array [
          [Function],
          [Function],
        ]
      }
    />
    <Button
      as="button"
      color="teal"
      disabled={true}
      fluid={true}
      role="button"
    >
      Create account
    </Button>
  </Form>
</div>
`;
