// Jest Snapshot v1, https://goo.gl/fbAQLP

exports[`ResetPasswordForm matches component snapshot 1`] = `
<div
  className="reset-password-form"
>
  <Form
    as="form"
    size="large"
  >
    <Field
      component={[Function]}
      fluid={true}
      name="resetPasswordToken"
      placeholder="Reset Password Token"
      validate={
        Array [
          [Function],
        ]
      }
    />
    <Field
      component={[Function]}
      fluid={true}
      icon="lock"
      iconPosition="left"
      name="password"
      placeholder="New Password"
      type="password"
      validate={
        Array [
          [Function],
          [Function],
        ]
      }
    />
    <Field
      component={[Function]}
      fluid={true}
      icon="lock"
      iconPosition="left"
      name="passwordConfirmation"
      placeholder="Password Confirmation"
      type="password"
      validate={
        Array [
          [Function],
          [Function],
        ]
      }
    />
    <Button
      as="button"
      color="teal"
      disabled={true}
      fluid={true}
      type="submit"
    >
      Submit
    </Button>
  </Form>
</div>
`;
