// Jest Snapshot v1, https://goo.gl/fbAQLP

exports[`BaseLayout PureComponent matches snapshot 1`] = `
<styled.div>
  <Connect(Connect(Wrapper))>
    <div>
      content
    </div>
  </Connect(Connect(Wrapper))>
  <GlobalNotifications />
  <styled.div>
    <div>
      content
    </div>
  </styled.div>
  <Footer>
    <div>
      content
    </div>
  </Footer>
  <Connect(ModalsContainer) />
</styled.div>
`;
