// Jest Snapshot v1, https://goo.gl/fbAQLP

exports[`Navbar matches pure component snapshot 1`] = `
<navbar>
  <Menu
    fixed="top"
  >
    <Container>
      <MenuItem>
        <Header>
          Teebox.io
        </Header>
      </MenuItem>
      <MenuMenu
        position="right"
      >
        <Connect(ModalTrigger)
          modalId="loginModal"
          text="Login"
          wrapper={[Function]}
        />
        <Connect(ModalTrigger)
          text="Sign up"
          wrapper={[Function]}
        />
      </MenuMenu>
    </Container>
  </Menu>
</navbar>
`;

exports[`Navbar matches pure component when currentUser is present snapshot 1`] = `
<navbar>
  <Menu
    fixed="top"
  >
    <Container>
      <MenuItem>
        <Header>
          Teebox.io
        </Header>
      </MenuItem>
      <MenuMenu
        position="right"
      >
        <Dropdown
          additionLabel="Add "
          additionPosition="top"
          closeOnBlur={true}
          icon="dropdown"
          item={true}
          minCharacters={1}
          noResultsMessage="No results found."
          openOnFocus={true}
          renderLabel={[Function]}
          searchInput="text"
          selectOnBlur={true}
          trigger={
            <span>
              <Image
                as="img"
                avatar={true}
                ui={true}
              />
              <span>
                Billy
              </span>
            </span>
          }
        >
          <DropdownMenu>
            <DropdownHeader>
              My Account
            </DropdownHeader>
            <DropdownItem>
              <a
                onClick={[Function]}
              >
                Sign out
              </a>
            </DropdownItem>
          </DropdownMenu>
        </Dropdown>
      </MenuMenu>
    </Container>
  </Menu>
</navbar>
`;
