// Jest Snapshot v1, https://goo.gl/fbAQLP

exports[`AuthenticationActions destroy dispatches with expected actions 1`] = `
Object {
  "id": Immutable.Map {
    message: "message",
},
  "notification": "mockAreaID",
  "type": "DESTROY",
}
`;

exports[`AuthenticationActions notify dispatches with expected actions 1`] = `
Object {
  "id": "message",
  "notification": Object {
    "level": "success",
    "message": "mockAreaID",
  },
  "type": "NOTIFY",
}
`;
